# serializer version: 1
# name: test_generic_v1_html_snapshot
  '''
  <html>
  <head>
    <meta charset="utf-8">
    <title>Welcome to CodeRoad</title>
    <meta name="x-preheader" content="Hello! This is a short paragraph. And a second line.">
    </head>
  <body style="background:#FFF; color:#111827; font-family:Arial, Helvetica, sans-serif">
  <table role="presentation" width="100%" cellpadding="0" cellspacing="0" style="margin:0 auto;max-width:600px;">
    <tr>
      <td style="padding:24px 16px;text-align:left;">
          <div style="font-weight:700;font-size:18px;color:#6B21A8;">CodeRoad</div>
      </td>
    </tr>
  </table>
    <table role="presentation" width="100%" cellpadding="0" cellspacing="0" style="margin:0 auto;max-width:600px;">
      <tr>
        <td>
          <div class="card" style="background:#fff; margin:0 auto; max-width:600px; border-radius:8px; padding:24px 16px">
            <p>Hello!</p><p>This is a short paragraph.<br>And a second line.</p>
  <table role="presentation" cellpadding="0" cellspacing="0" style="margin:16px 0;">
    <tr>
      <td style="background:#6B21A8;border-radius:6px;">
        <a href="https://coderoad.com/" style="color:#fff; display:inline-block; padding:12px 16px; text-decoration:none; font-weight:600">
          Visit CodeRoad
        </a>
      </td>
    </tr>
  </table>        </div>
        </td>
      </tr>
    </table>
  
  <table role="presentation" width="100%" cellpadding="0" cellspacing="0" style="margin:0 auto;max-width:600px;">
    <tr>
      <td style="padding:24px 16px;color:#6b7280;font-size:12px;">
        <p>Â© CodeRoad</p>
      </td>
    </tr>
  </table></body>
  </html>
  '''
# ---
